[2021-11-12T00:10:29.445+0800][gc,heap] Heap region size: 1M
[2021-11-12T00:10:29.495+0800][gc     ] Using G1
[2021-11-12T00:10:29.495+0800][gc,heap,coops] Heap address: 0x00000000c0000000, size: 1024 MB, Compressed Oops mode: 32-bit
[2021-11-12T00:10:29.497+0800][gc,cds       ] Mark closed archive regions in map: [0x00000000fff00000, 0x00000000fff6aff8]
[2021-11-12T00:10:29.497+0800][gc,cds       ] Mark open archive regions in map: [0x00000000ffe00000, 0x00000000ffe46ff8]
[2021-11-12T00:10:31.315+0800][gc,start     ] GC(0) Pause Young (Normal) (G1 Evacuation Pause)
[2021-11-12T00:10:31.319+0800][gc,task      ] GC(0) Using 8 workers of 8 for evacuation
[2021-11-12T00:10:31.396+0800][gc,mmu       ] GC(0) MMU target violated: 21.0ms (20.0ms/21.0ms)
[2021-11-12T00:10:31.396+0800][gc,phases    ] GC(0)   Pre Evacuate Collection Set: 0.0ms
[2021-11-12T00:10:31.396+0800][gc,phases    ] GC(0)   Evacuate Collection Set: 74.7ms
[2021-11-12T00:10:31.396+0800][gc,phases    ] GC(0)   Post Evacuate Collection Set: 1.2ms
[2021-11-12T00:10:31.396+0800][gc,phases    ] GC(0)   Other: 4.8ms
[2021-11-12T00:10:31.396+0800][gc,heap      ] GC(0) Eden regions: 51->0(44)
[2021-11-12T00:10:31.396+0800][gc,heap      ] GC(0) Survivor regions: 0->7(7)
[2021-11-12T00:10:31.396+0800][gc,heap      ] GC(0) Old regions: 2->2
[2021-11-12T00:10:31.396+0800][gc,heap      ] GC(0) Humongous regions: 0->0
[2021-11-12T00:10:31.396+0800][gc,metaspace ] GC(0) Metaspace: 14797K->14797K(1062912K)
[2021-11-12T00:10:31.396+0800][gc           ] GC(0) Pause Young (Normal) (G1 Evacuation Pause) 51M->7M(1024M) 81.093ms
[2021-11-12T00:10:31.396+0800][gc,cpu       ] GC(0) User=0.11s Sys=0.03s Real=0.08s
[2021-11-12T00:10:33.149+0800][gc,start     ] GC(1) Pause Young (Concurrent Start) (Metadata GC Threshold)
[2021-11-12T00:10:33.149+0800][gc,task      ] GC(1) Using 8 workers of 8 for evacuation
[2021-11-12T00:10:33.178+0800][gc,mmu       ] GC(1) MMU target violated: 21.0ms (20.0ms/21.0ms)
[2021-11-12T00:10:33.178+0800][gc,phases    ] GC(1)   Pre Evacuate Collection Set: 0.1ms
[2021-11-12T00:10:33.178+0800][gc,phases    ] GC(1)   Evacuate Collection Set: 27.7ms
[2021-11-12T00:10:33.178+0800][gc,phases    ] GC(1)   Post Evacuate Collection Set: 0.7ms
[2021-11-12T00:10:33.178+0800][gc,phases    ] GC(1)   Other: 0.6ms
[2021-11-12T00:10:33.178+0800][gc,heap      ] GC(1) Eden regions: 25->0(49)
[2021-11-12T00:10:33.178+0800][gc,heap      ] GC(1) Survivor regions: 7->2(7)
[2021-11-12T00:10:33.178+0800][gc,heap      ] GC(1) Old regions: 2->9
[2021-11-12T00:10:33.178+0800][gc,heap      ] GC(1) Humongous regions: 0->0
[2021-11-12T00:10:33.178+0800][gc,metaspace ] GC(1) Metaspace: 20492K->20492K(1067008K)
[2021-11-12T00:10:33.178+0800][gc           ] GC(1) Pause Young (Concurrent Start) (Metadata GC Threshold) 31M->8M(1024M) 29.254ms
[2021-11-12T00:10:33.178+0800][gc,cpu       ] GC(1) User=0.08s Sys=0.06s Real=0.03s
[2021-11-12T00:10:33.178+0800][gc           ] GC(2) Concurrent Cycle
[2021-11-12T00:10:33.178+0800][gc,marking   ] GC(2) Concurrent Clear Claimed Marks
[2021-11-12T00:10:33.179+0800][gc,marking   ] GC(2) Concurrent Clear Claimed Marks 0.281ms
[2021-11-12T00:10:33.179+0800][gc,marking   ] GC(2) Concurrent Scan Root Regions
[2021-11-12T00:10:33.180+0800][gc,marking   ] GC(2) Concurrent Scan Root Regions 1.633ms
[2021-11-12T00:10:33.180+0800][gc,marking   ] GC(2) Concurrent Mark (3.756s)
[2021-11-12T00:10:33.180+0800][gc,marking   ] GC(2) Concurrent Mark From Roots
[2021-11-12T00:10:33.180+0800][gc,task      ] GC(2) Using 2 workers of 2 for marking
[2021-11-12T00:10:33.188+0800][gc,marking   ] GC(2) Concurrent Mark From Roots 7.501ms
[2021-11-12T00:10:33.188+0800][gc,marking   ] GC(2) Concurrent Preclean
[2021-11-12T00:10:33.188+0800][gc,marking   ] GC(2) Concurrent Preclean 0.514ms
[2021-11-12T00:10:33.189+0800][gc,marking   ] GC(2) Concurrent Mark (3.756s, 3.764s) 8.230ms
[2021-11-12T00:10:33.189+0800][gc,start     ] GC(2) Pause Remark
[2021-11-12T00:10:33.191+0800][gc,stringtable] GC(2) Cleaned string and symbol table, strings: 5081 processed, 0 removed, symbols: 50220 processed, 41 removed
[2021-11-12T00:10:33.191+0800][gc            ] GC(2) Pause Remark 8M->8M(1024M) 2.534ms
[2021-11-12T00:10:33.191+0800][gc,cpu        ] GC(2) User=0.00s Sys=0.00s Real=0.00s
[2021-11-12T00:10:33.191+0800][gc,marking    ] GC(2) Concurrent Rebuild Remembered Sets
[2021-11-12T00:10:33.195+0800][gc,marking    ] GC(2) Concurrent Rebuild Remembered Sets 3.976ms
[2021-11-12T00:10:33.196+0800][gc,start      ] GC(2) Pause Cleanup
[2021-11-12T00:10:33.196+0800][gc            ] GC(2) Pause Cleanup 8M->8M(1024M) 0.316ms
[2021-11-12T00:10:33.196+0800][gc,cpu        ] GC(2) User=0.00s Sys=0.00s Real=0.00s
[2021-11-12T00:10:33.196+0800][gc,marking    ] GC(2) Concurrent Cleanup for Next Mark
[2021-11-12T00:10:33.226+0800][gc,marking    ] GC(2) Concurrent Cleanup for Next Mark 29.960ms
[2021-11-12T00:10:33.226+0800][gc            ] GC(2) Concurrent Cycle 48.010ms
[2021-11-12T00:10:34.352+0800][gc,start      ] GC(3) Pause Young (Normal) (G1 Evacuation Pause)
[2021-11-12T00:10:34.352+0800][gc,task       ] GC(3) Using 8 workers of 8 for evacuation
[2021-11-12T00:10:34.360+0800][gc,phases     ] GC(3)   Pre Evacuate Collection Set: 0.2ms
[2021-11-12T00:10:34.360+0800][gc,phases     ] GC(3)   Evacuate Collection Set: 6.6ms
[2021-11-12T00:10:34.360+0800][gc,phases     ] GC(3)   Post Evacuate Collection Set: 0.6ms
[2021-11-12T00:10:34.360+0800][gc,phases     ] GC(3)   Other: 0.4ms
[2021-11-12T00:10:34.360+0800][gc,heap       ] GC(3) Eden regions: 49->0(46)
[2021-11-12T00:10:34.360+0800][gc,heap       ] GC(3) Survivor regions: 2->5(7)
[2021-11-12T00:10:34.360+0800][gc,heap       ] GC(3) Old regions: 9->9
[2021-11-12T00:10:34.360+0800][gc,heap       ] GC(3) Humongous regions: 129->129
[2021-11-12T00:10:34.360+0800][gc,metaspace  ] GC(3) Metaspace: 28997K->28997K(1075200K)
[2021-11-12T00:10:34.360+0800][gc            ] GC(3) Pause Young (Normal) (G1 Evacuation Pause) 186M->140M(1024M) 8.078ms
[2021-11-12T00:10:34.360+0800][gc,cpu        ] GC(3) User=0.10s Sys=0.00s Real=0.01s
[2021-11-12T00:10:34.862+0800][gc,start      ] GC(4) Pause Young (Concurrent Start) (Metadata GC Threshold)
[2021-11-12T00:10:34.862+0800][gc,task       ] GC(4) Using 8 workers of 8 for evacuation
[2021-11-12T00:10:34.879+0800][gc,phases     ] GC(4)   Pre Evacuate Collection Set: 0.1ms
[2021-11-12T00:10:34.879+0800][gc,phases     ] GC(4)   Evacuate Collection Set: 16.4ms
[2021-11-12T00:10:34.880+0800][gc,phases     ] GC(4)   Post Evacuate Collection Set: 0.6ms
[2021-11-12T00:10:34.880+0800][gc,phases     ] GC(4)   Other: 0.5ms
[2021-11-12T00:10:34.880+0800][gc,heap       ] GC(4) Eden regions: 28->0(49)
[2021-11-12T00:10:34.880+0800][gc,heap       ] GC(4) Survivor regions: 5->2(7)
[2021-11-12T00:10:34.880+0800][gc,heap       ] GC(4) Old regions: 9->13
[2021-11-12T00:10:34.880+0800][gc,heap       ] GC(4) Humongous regions: 129->129
[2021-11-12T00:10:34.880+0800][gc,metaspace  ] GC(4) Metaspace: 34527K->34527K(1081344K)
[2021-11-12T00:10:34.880+0800][gc            ] GC(4) Pause Young (Concurrent Start) (Metadata GC Threshold) 167M->142M(1024M) 17.978ms
[2021-11-12T00:10:34.880+0800][gc,cpu        ] GC(4) User=0.01s Sys=0.00s Real=0.02s
[2021-11-12T00:10:34.880+0800][gc            ] GC(5) Concurrent Cycle
[2021-11-12T00:10:34.880+0800][gc,marking    ] GC(5) Concurrent Clear Claimed Marks
[2021-11-12T00:10:34.880+0800][gc,marking    ] GC(5) Concurrent Clear Claimed Marks 0.171ms
[2021-11-12T00:10:34.880+0800][gc,marking    ] GC(5) Concurrent Scan Root Regions
[2021-11-12T00:10:34.882+0800][gc,marking    ] GC(5) Concurrent Scan Root Regions 1.775ms
[2021-11-12T00:10:34.882+0800][gc,marking    ] GC(5) Concurrent Mark (5.458s)
[2021-11-12T00:10:34.882+0800][gc,marking    ] GC(5) Concurrent Mark From Roots
[2021-11-12T00:10:34.882+0800][gc,task       ] GC(5) Using 2 workers of 2 for marking
[2021-11-12T00:10:34.911+0800][gc,marking    ] GC(5) Concurrent Mark From Roots 28.884ms
[2021-11-12T00:10:34.911+0800][gc,marking    ] GC(5) Concurrent Preclean
[2021-11-12T00:10:34.912+0800][gc,marking    ] GC(5) Concurrent Preclean 0.593ms
[2021-11-12T00:10:34.912+0800][gc,marking    ] GC(5) Concurrent Mark (5.458s, 5.487s) 29.731ms
[2021-11-12T00:10:34.912+0800][gc,start      ] GC(5) Pause Remark
[2021-11-12T00:10:34.917+0800][gc,stringtable] GC(5) Cleaned string and symbol table, strings: 10317 processed, 9 removed, symbols: 83409 processed, 18 removed
[2021-11-12T00:10:34.918+0800][gc            ] GC(5) Pause Remark 144M->144M(1024M) 5.375ms
[2021-11-12T00:10:34.918+0800][gc,cpu        ] GC(5) User=0.03s Sys=0.02s Real=0.01s
[2021-11-12T00:10:34.918+0800][gc,marking    ] GC(5) Concurrent Rebuild Remembered Sets
[2021-11-12T00:10:34.939+0800][gc,marking    ] GC(5) Concurrent Rebuild Remembered Sets 20.716ms
[2021-11-12T00:10:34.939+0800][gc,start      ] GC(5) Pause Cleanup
[2021-11-12T00:10:34.940+0800][gc            ] GC(5) Pause Cleanup 145M->145M(1024M) 0.467ms
[2021-11-12T00:10:34.940+0800][gc,cpu        ] GC(5) User=0.00s Sys=0.00s Real=0.00s
[2021-11-12T00:10:34.940+0800][gc,marking    ] GC(5) Concurrent Cleanup for Next Mark
[2021-11-12T00:10:35.025+0800][gc,marking    ] GC(5) Concurrent Cleanup for Next Mark 85.343ms
[2021-11-12T00:10:35.026+0800][gc            ] GC(5) Concurrent Cycle 145.704ms
[2021-11-12T00:26:07.054+0800][gc,start      ] GC(6) Pause Young (Normal) (G1 Evacuation Pause)
[2021-11-12T00:26:07.054+0800][gc,task       ] GC(6) Using 8 workers of 8 for evacuation
[2021-11-12T00:26:07.106+0800][gc,mmu        ] GC(6) MMU target violated: 21.0ms (20.0ms/21.0ms)
[2021-11-12T00:26:07.106+0800][gc,phases     ] GC(6)   Pre Evacuate Collection Set: 1.0ms
[2021-11-12T00:26:07.106+0800][gc,phases     ] GC(6)   Evacuate Collection Set: 45.5ms
[2021-11-12T00:26:07.106+0800][gc,phases     ] GC(6)   Post Evacuate Collection Set: 3.6ms
[2021-11-12T00:26:07.106+0800][gc,phases     ] GC(6)   Other: 1.7ms
[2021-11-12T00:26:07.106+0800][gc,heap       ] GC(6) Eden regions: 49->0(47)
[2021-11-12T00:26:07.106+0800][gc,heap       ] GC(6) Survivor regions: 2->4(7)
[2021-11-12T00:26:07.107+0800][gc,heap       ] GC(6) Old regions: 13->13
[2021-11-12T00:26:07.107+0800][gc,heap       ] GC(6) Humongous regions: 129->129
[2021-11-12T00:26:07.107+0800][gc,metaspace  ] GC(6) Metaspace: 40693K->40693K(1085440K)
[2021-11-12T00:26:07.107+0800][gc            ] GC(6) Pause Young (Normal) (G1 Evacuation Pause) 191M->144M(1024M) 52.653ms
[2021-11-12T00:26:07.107+0800][gc,cpu        ] GC(6) User=0.17s Sys=0.00s Real=0.05s
[2021-11-12T00:35:30.811+0800][gc,start      ] GC(7) Pause Young (Normal) (G1 Evacuation Pause)
[2021-11-12T00:35:30.811+0800][gc,task       ] GC(7) Using 8 workers of 8 for evacuation
[2021-11-12T00:35:30.828+0800][gc,phases     ] GC(7)   Pre Evacuate Collection Set: 0.4ms
[2021-11-12T00:35:30.828+0800][gc,phases     ] GC(7)   Evacuate Collection Set: 11.8ms
[2021-11-12T00:35:30.828+0800][gc,phases     ] GC(7)   Post Evacuate Collection Set: 4.0ms
[2021-11-12T00:35:30.828+0800][gc,phases     ] GC(7)   Other: 0.6ms
[2021-11-12T00:35:30.828+0800][gc,heap       ] GC(7) Eden regions: 47->0(46)
[2021-11-12T00:35:30.828+0800][gc,heap       ] GC(7) Survivor regions: 4->5(7)
[2021-11-12T00:35:30.828+0800][gc,heap       ] GC(7) Old regions: 13->15
[2021-11-12T00:35:30.828+0800][gc,heap       ] GC(7) Humongous regions: 129->129
[2021-11-12T00:35:30.828+0800][gc,metaspace  ] GC(7) Metaspace: 43574K->43574K(1089536K)
[2021-11-12T00:35:30.828+0800][gc            ] GC(7) Pause Young (Normal) (G1 Evacuation Pause) 191M->146M(1024M) 17.275ms
[2021-11-12T00:35:30.828+0800][gc,cpu        ] GC(7) User=0.12s Sys=0.00s Real=0.02s
[2021-11-12T00:45:00.613+0800][gc,start      ] GC(8) Pause Young (Normal) (G1 Evacuation Pause)
[2021-11-12T00:45:00.613+0800][gc,task       ] GC(8) Using 8 workers of 8 for evacuation
[2021-11-12T00:45:00.638+0800][gc,mmu        ] GC(8) MMU target violated: 21.0ms (20.0ms/21.0ms)
[2021-11-12T00:45:00.638+0800][gc,phases     ] GC(8)   Pre Evacuate Collection Set: 0.4ms
[2021-11-12T00:45:00.638+0800][gc,phases     ] GC(8)   Evacuate Collection Set: 22.9ms
[2021-11-12T00:45:00.638+0800][gc,phases     ] GC(8)   Post Evacuate Collection Set: 1.1ms
[2021-11-12T00:45:00.639+0800][gc,phases     ] GC(8)   Other: 1.2ms
[2021-11-12T00:45:00.639+0800][gc,heap       ] GC(8) Eden regions: 46->0(48)
[2021-11-12T00:45:00.639+0800][gc,heap       ] GC(8) Survivor regions: 5->3(7)
[2021-11-12T00:45:00.639+0800][gc,heap       ] GC(8) Old regions: 15->17
[2021-11-12T00:45:00.639+0800][gc,heap       ] GC(8) Humongous regions: 129->129
[2021-11-12T00:45:00.639+0800][gc,metaspace  ] GC(8) Metaspace: 44423K->44423K(1089536K)
[2021-11-12T00:45:00.639+0800][gc            ] GC(8) Pause Young (Normal) (G1 Evacuation Pause) 192M->146M(1024M) 26.178ms
[2021-11-12T00:45:00.639+0800][gc,cpu        ] GC(8) User=0.18s Sys=0.00s Real=0.03s
[2021-11-12T00:45:00.693+0800][gc,heap,exit  ] Heap
[2021-11-12T00:45:00.693+0800][gc,heap,exit  ]  garbage-first heap   total 1048576K, used 150295K [0x00000000c0000000, 0x0000000100000000)
[2021-11-12T00:45:00.693+0800][gc,heap,exit  ]   region size 1024K, 4 young (4096K), 3 survivors (3072K)
[2021-11-12T00:45:00.693+0800][gc,heap,exit  ]  Metaspace       used 44456K, capacity 47308K, committed 47516K, reserved 1089536K
[2021-11-12T00:45:00.693+0800][gc,heap,exit  ]   class space    used 5955K, capacity 7381K, committed 7404K, reserved 1048576K
