[2021-11-12T00:08:23.541+0800][gc,heap] Heap region size: 1M
[2021-11-12T00:08:23.588+0800][gc     ] Using G1
[2021-11-12T00:08:23.588+0800][gc,heap,coops] Heap address: 0x00000000c0000000, size: 1024 MB, Compressed Oops mode: 32-bit
[2021-11-12T00:08:23.591+0800][gc,cds       ] Mark closed archive regions in map: [0x00000000fff00000, 0x00000000fff6aff8]
[2021-11-12T00:08:23.591+0800][gc,cds       ] Mark open archive regions in map: [0x00000000ffe00000, 0x00000000ffe46ff8]
[2021-11-12T00:08:25.258+0800][gc,start     ] GC(0) Pause Young (Normal) (G1 Evacuation Pause)
[2021-11-12T00:08:25.261+0800][gc,task      ] GC(0) Using 8 workers of 8 for evacuation
[2021-11-12T00:08:25.296+0800][gc,mmu       ] GC(0) MMU target violated: 21.0ms (20.0ms/21.0ms)
[2021-11-12T00:08:25.296+0800][gc,phases    ] GC(0)   Pre Evacuate Collection Set: 0.0ms
[2021-11-12T00:08:25.296+0800][gc,phases    ] GC(0)   Evacuate Collection Set: 32.9ms
[2021-11-12T00:08:25.296+0800][gc,phases    ] GC(0)   Post Evacuate Collection Set: 0.9ms
[2021-11-12T00:08:25.296+0800][gc,phases    ] GC(0)   Other: 4.3ms
[2021-11-12T00:08:25.296+0800][gc,heap      ] GC(0) Eden regions: 51->0(44)
[2021-11-12T00:08:25.296+0800][gc,heap      ] GC(0) Survivor regions: 0->7(7)
[2021-11-12T00:08:25.296+0800][gc,heap      ] GC(0) Old regions: 2->2
[2021-11-12T00:08:25.296+0800][gc,heap      ] GC(0) Humongous regions: 0->0
[2021-11-12T00:08:25.296+0800][gc,metaspace ] GC(0) Metaspace: 14631K->14631K(1062912K)
[2021-11-12T00:08:25.296+0800][gc           ] GC(0) Pause Young (Normal) (G1 Evacuation Pause) 51M->7M(1024M) 38.393ms
[2021-11-12T00:08:25.296+0800][gc,cpu       ] GC(0) User=0.14s Sys=0.04s Real=0.04s
[2021-11-12T00:09:52.994+0800][gc,start     ] GC(1) Pause Young (Concurrent Start) (Metadata GC Threshold)
[2021-11-12T00:09:52.994+0800][gc,task      ] GC(1) Using 8 workers of 8 for evacuation
[2021-11-12T00:09:53.026+0800][gc,mmu       ] GC(1) MMU target violated: 21.0ms (20.0ms/21.0ms)
[2021-11-12T00:09:53.026+0800][gc,phases    ] GC(1)   Pre Evacuate Collection Set: 0.1ms
[2021-11-12T00:09:53.026+0800][gc,phases    ] GC(1)   Evacuate Collection Set: 31.1ms
[2021-11-12T00:09:53.026+0800][gc,phases    ] GC(1)   Post Evacuate Collection Set: 0.6ms
[2021-11-12T00:09:53.026+0800][gc,phases    ] GC(1)   Other: 0.7ms
[2021-11-12T00:09:53.026+0800][gc,heap      ] GC(1) Eden regions: 26->0(49)
[2021-11-12T00:09:53.026+0800][gc,heap      ] GC(1) Survivor regions: 7->2(7)
[2021-11-12T00:09:53.026+0800][gc,heap      ] GC(1) Old regions: 2->9
[2021-11-12T00:09:53.027+0800][gc,heap      ] GC(1) Humongous regions: 0->0
[2021-11-12T00:09:53.027+0800][gc,metaspace ] GC(1) Metaspace: 20637K->20637K(1067008K)
[2021-11-12T00:09:53.027+0800][gc           ] GC(1) Pause Young (Concurrent Start) (Metadata GC Threshold) 32M->8M(1024M) 32.677ms
[2021-11-12T00:09:53.027+0800][gc,cpu       ] GC(1) User=0.15s Sys=0.08s Real=0.03s
[2021-11-12T00:09:53.027+0800][gc           ] GC(2) Concurrent Cycle
[2021-11-12T00:09:53.027+0800][gc,marking   ] GC(2) Concurrent Clear Claimed Marks
[2021-11-12T00:09:53.027+0800][gc,marking   ] GC(2) Concurrent Clear Claimed Marks 0.091ms
[2021-11-12T00:09:53.027+0800][gc,marking   ] GC(2) Concurrent Scan Root Regions
[2021-11-12T00:09:53.029+0800][gc,marking   ] GC(2) Concurrent Scan Root Regions 1.969ms
[2021-11-12T00:09:53.029+0800][gc,marking   ] GC(2) Concurrent Mark (89.509s)
[2021-11-12T00:09:53.029+0800][gc,marking   ] GC(2) Concurrent Mark From Roots
[2021-11-12T00:09:53.029+0800][gc,task      ] GC(2) Using 2 workers of 2 for marking
[2021-11-12T00:09:53.038+0800][gc,marking   ] GC(2) Concurrent Mark From Roots 9.438ms
[2021-11-12T00:09:53.039+0800][gc,marking   ] GC(2) Concurrent Preclean
[2021-11-12T00:09:53.039+0800][gc,marking   ] GC(2) Concurrent Preclean 0.503ms
[2021-11-12T00:09:53.039+0800][gc,marking   ] GC(2) Concurrent Mark (89.509s, 89.519s) 10.099ms
[2021-11-12T00:09:53.039+0800][gc,start     ] GC(2) Pause Remark
[2021-11-12T00:09:53.043+0800][gc,stringtable] GC(2) Cleaned string and symbol table, strings: 5153 processed, 0 removed, symbols: 50758 processed, 42 removed
[2021-11-12T00:09:53.043+0800][gc            ] GC(2) Pause Remark 8M->8M(1024M) 3.998ms
[2021-11-12T00:09:53.043+0800][gc,cpu        ] GC(2) User=0.05s Sys=0.02s Real=0.01s
[2021-11-12T00:09:53.044+0800][gc,marking    ] GC(2) Concurrent Rebuild Remembered Sets
[2021-11-12T00:09:53.049+0800][gc,marking    ] GC(2) Concurrent Rebuild Remembered Sets 5.945ms
[2021-11-12T00:09:53.050+0800][gc,start      ] GC(2) Pause Cleanup
[2021-11-12T00:09:53.050+0800][gc            ] GC(2) Pause Cleanup 9M->9M(1024M) 0.420ms
[2021-11-12T00:09:53.050+0800][gc,cpu        ] GC(2) User=0.00s Sys=0.00s Real=0.00s
[2021-11-12T00:09:53.050+0800][gc,marking    ] GC(2) Concurrent Cleanup for Next Mark
[2021-11-12T00:09:53.079+0800][gc,marking    ] GC(2) Concurrent Cleanup for Next Mark 28.661ms
[2021-11-12T00:09:53.079+0800][gc            ] GC(2) Concurrent Cycle 52.349ms
[2021-11-12T00:09:54.520+0800][gc,start      ] GC(3) Pause Young (Normal) (G1 Evacuation Pause)
[2021-11-12T00:09:54.520+0800][gc,task       ] GC(3) Using 8 workers of 8 for evacuation
[2021-11-12T00:09:54.531+0800][gc,phases     ] GC(3)   Pre Evacuate Collection Set: 0.1ms
[2021-11-12T00:09:54.531+0800][gc,phases     ] GC(3)   Evacuate Collection Set: 9.5ms
[2021-11-12T00:09:54.531+0800][gc,phases     ] GC(3)   Post Evacuate Collection Set: 0.8ms
[2021-11-12T00:09:54.531+0800][gc,phases     ] GC(3)   Other: 0.4ms
[2021-11-12T00:09:54.531+0800][gc,heap       ] GC(3) Eden regions: 49->0(46)
[2021-11-12T00:09:54.531+0800][gc,heap       ] GC(3) Survivor regions: 2->5(7)
[2021-11-12T00:09:54.531+0800][gc,heap       ] GC(3) Old regions: 9->9
[2021-11-12T00:09:54.531+0800][gc,heap       ] GC(3) Humongous regions: 129->129
[2021-11-12T00:09:54.531+0800][gc,metaspace  ] GC(3) Metaspace: 29058K->29058K(1075200K)
[2021-11-12T00:09:54.531+0800][gc            ] GC(3) Pause Young (Normal) (G1 Evacuation Pause) 186M->140M(1024M) 11.069ms
[2021-11-12T00:09:54.531+0800][gc,cpu        ] GC(3) User=0.09s Sys=0.00s Real=0.01s
[2021-11-12T00:09:55.129+0800][gc,start      ] GC(4) Pause Young (Concurrent Start) (Metadata GC Threshold)
[2021-11-12T00:09:55.130+0800][gc,task       ] GC(4) Using 8 workers of 8 for evacuation
[2021-11-12T00:09:55.152+0800][gc,mmu        ] GC(4) MMU target violated: 21.0ms (20.0ms/21.0ms)
[2021-11-12T00:09:55.152+0800][gc,phases     ] GC(4)   Pre Evacuate Collection Set: 0.2ms
[2021-11-12T00:09:55.152+0800][gc,phases     ] GC(4)   Evacuate Collection Set: 20.5ms
[2021-11-12T00:09:55.152+0800][gc,phases     ] GC(4)   Post Evacuate Collection Set: 0.9ms
[2021-11-12T00:09:55.152+0800][gc,phases     ] GC(4)   Other: 0.9ms
[2021-11-12T00:09:55.152+0800][gc,heap       ] GC(4) Eden regions: 27->0(49)
[2021-11-12T00:09:55.152+0800][gc,heap       ] GC(4) Survivor regions: 5->2(7)
[2021-11-12T00:09:55.152+0800][gc,heap       ] GC(4) Old regions: 9->13
[2021-11-12T00:09:55.152+0800][gc,heap       ] GC(4) Humongous regions: 129->129
[2021-11-12T00:09:55.152+0800][gc,metaspace  ] GC(4) Metaspace: 34521K->34521K(1081344K)
[2021-11-12T00:09:55.152+0800][gc            ] GC(4) Pause Young (Concurrent Start) (Metadata GC Threshold) 167M->142M(1024M) 22.599ms
[2021-11-12T00:09:55.152+0800][gc,cpu        ] GC(4) User=0.00s Sys=0.06s Real=0.02s
[2021-11-12T00:09:55.152+0800][gc            ] GC(5) Concurrent Cycle
[2021-11-12T00:09:55.152+0800][gc,marking    ] GC(5) Concurrent Clear Claimed Marks
[2021-11-12T00:09:55.152+0800][gc,marking    ] GC(5) Concurrent Clear Claimed Marks 0.157ms
[2021-11-12T00:09:55.153+0800][gc,marking    ] GC(5) Concurrent Scan Root Regions
[2021-11-12T00:09:55.156+0800][gc,marking    ] GC(5) Concurrent Scan Root Regions 3.312ms
[2021-11-12T00:09:55.156+0800][gc,marking    ] GC(5) Concurrent Mark (91.636s)
[2021-11-12T00:09:55.156+0800][gc,marking    ] GC(5) Concurrent Mark From Roots
[2021-11-12T00:09:55.156+0800][gc,task       ] GC(5) Using 2 workers of 2 for marking
[2021-11-12T00:09:55.199+0800][gc,marking    ] GC(5) Concurrent Mark From Roots 43.056ms
[2021-11-12T00:09:55.199+0800][gc,marking    ] GC(5) Concurrent Preclean
[2021-11-12T00:09:55.200+0800][gc,marking    ] GC(5) Concurrent Preclean 0.640ms
[2021-11-12T00:09:55.200+0800][gc,marking    ] GC(5) Concurrent Mark (91.636s, 91.680s) 44.022ms
[2021-11-12T00:09:55.201+0800][gc,start      ] GC(5) Pause Remark
[2021-11-12T00:09:55.207+0800][gc,stringtable] GC(5) Cleaned string and symbol table, strings: 10292 processed, 9 removed, symbols: 83161 processed, 17 removed
[2021-11-12T00:09:55.208+0800][gc            ] GC(5) Pause Remark 145M->145M(1024M) 7.264ms
[2021-11-12T00:09:55.208+0800][gc,cpu        ] GC(5) User=0.00s Sys=0.00s Real=0.01s
[2021-11-12T00:09:55.208+0800][gc,marking    ] GC(5) Concurrent Rebuild Remembered Sets
[2021-11-12T00:09:55.224+0800][gc,marking    ] GC(5) Concurrent Rebuild Remembered Sets 15.459ms
[2021-11-12T00:09:55.224+0800][gc,start      ] GC(5) Pause Cleanup
[2021-11-12T00:09:55.225+0800][gc            ] GC(5) Pause Cleanup 146M->146M(1024M) 0.484ms
[2021-11-12T00:09:55.225+0800][gc,cpu        ] GC(5) User=0.00s Sys=0.00s Real=0.00s
[2021-11-12T00:09:55.225+0800][gc,marking    ] GC(5) Concurrent Cleanup for Next Mark
[2021-11-12T00:09:55.289+0800][gc,marking    ] GC(5) Concurrent Cleanup for Next Mark 63.530ms
[2021-11-12T00:09:55.289+0800][gc            ] GC(5) Concurrent Cycle 136.567ms
[2021-11-12T00:10:22.418+0800][gc,heap,exit  ] Heap
[2021-11-12T00:10:22.419+0800][gc,heap,exit  ]  garbage-first heap   total 1048576K, used 163967K [0x00000000c0000000, 0x0000000100000000)
[2021-11-12T00:10:22.419+0800][gc,heap,exit  ]   region size 1024K, 22 young (22528K), 2 survivors (2048K)
[2021-11-12T00:10:22.419+0800][gc,heap,exit  ]  Metaspace       used 36941K, capacity 38560K, committed 38732K, reserved 1083392K
[2021-11-12T00:10:22.419+0800][gc,heap,exit  ]   class space    used 4562K, capacity 5342K, committed 5452K, reserved 1048576K
