[2021-11-12T00:07:39.437+0800][gc,heap] Heap region size: 1M
[2021-11-12T00:07:39.486+0800][gc     ] Using G1
[2021-11-12T00:07:39.486+0800][gc,heap,coops] Heap address: 0x00000000c0000000, size: 1024 MB, Compressed Oops mode: 32-bit
[2021-11-12T00:07:39.488+0800][gc,cds       ] Mark closed archive regions in map: [0x00000000fff00000, 0x00000000fff6aff8]
[2021-11-12T00:07:39.489+0800][gc,cds       ] Mark open archive regions in map: [0x00000000ffe00000, 0x00000000ffe46ff8]
[2021-11-12T00:07:41.303+0800][gc,start     ] GC(0) Pause Young (Normal) (G1 Evacuation Pause)
[2021-11-12T00:07:41.306+0800][gc,task      ] GC(0) Using 8 workers of 8 for evacuation
[2021-11-12T00:07:41.345+0800][gc,mmu       ] GC(0) MMU target violated: 21.0ms (20.0ms/21.0ms)
[2021-11-12T00:07:41.345+0800][gc,phases    ] GC(0)   Pre Evacuate Collection Set: 0.1ms
[2021-11-12T00:07:41.345+0800][gc,phases    ] GC(0)   Evacuate Collection Set: 36.1ms
[2021-11-12T00:07:41.345+0800][gc,phases    ] GC(0)   Post Evacuate Collection Set: 0.9ms
[2021-11-12T00:07:41.345+0800][gc,phases    ] GC(0)   Other: 4.8ms
[2021-11-12T00:07:41.345+0800][gc,heap      ] GC(0) Eden regions: 51->0(44)
[2021-11-12T00:07:41.345+0800][gc,heap      ] GC(0) Survivor regions: 0->7(7)
[2021-11-12T00:07:41.345+0800][gc,heap      ] GC(0) Old regions: 2->2
[2021-11-12T00:07:41.345+0800][gc,heap      ] GC(0) Humongous regions: 0->0
[2021-11-12T00:07:41.345+0800][gc,metaspace ] GC(0) Metaspace: 14815K->14815K(1062912K)
[2021-11-12T00:07:41.345+0800][gc           ] GC(0) Pause Young (Normal) (G1 Evacuation Pause) 51M->7M(1024M) 42.089ms
[2021-11-12T00:07:41.345+0800][gc,cpu       ] GC(0) User=0.11s Sys=0.04s Real=0.04s
[2021-11-12T00:07:59.521+0800][gc,heap,exit ] Heap
[2021-11-12T00:07:59.521+0800][gc,heap,exit ]  garbage-first heap   total 1048576K, used 10386K [0x00000000c0000000, 0x0000000100000000)
[2021-11-12T00:07:59.521+0800][gc,heap,exit ]   region size 1024K, 11 young (11264K), 7 survivors (7168K)
[2021-11-12T00:07:59.521+0800][gc,heap,exit ]  Metaspace       used 15387K, capacity 15867K, committed 16000K, reserved 1062912K
[2021-11-12T00:07:59.521+0800][gc,heap,exit ]   class space    used 1928K, capacity 2119K, committed 2176K, reserved 1048576K
