[2021-11-11T23:55:05.678+0800][gc,heap] Heap region size: 1M
[2021-11-11T23:55:05.697+0800][gc     ] Using G1
[2021-11-11T23:55:05.697+0800][gc,heap,coops] Heap address: 0x00000000e0000000, size: 512 MB, Compressed Oops mode: 32-bit
[2021-11-11T23:55:05.699+0800][gc,cds       ] Mark closed archive regions in map: [0x00000000fff00000, 0x00000000fff6aff8]
[2021-11-11T23:55:05.699+0800][gc,cds       ] Mark open archive regions in map: [0x00000000ffe00000, 0x00000000ffe46ff8]
[2021-11-11T23:55:10.345+0800][gc,start     ] GC(0) Pause Young (Normal) (G1 Evacuation Pause)
[2021-11-11T23:55:10.373+0800][gc,task      ] GC(0) Using 8 workers of 8 for evacuation
[2021-11-11T23:55:10.466+0800][gc,mmu       ] GC(0) MMU target violated: 21.0ms (20.0ms/21.0ms)
[2021-11-11T23:55:10.466+0800][gc,phases    ] GC(0)   Pre Evacuate Collection Set: 0.0ms
[2021-11-11T23:55:10.466+0800][gc,phases    ] GC(0)   Evacuate Collection Set: 89.1ms
[2021-11-11T23:55:10.466+0800][gc,phases    ] GC(0)   Post Evacuate Collection Set: 0.8ms
[2021-11-11T23:55:10.466+0800][gc,phases    ] GC(0)   Other: 31.8ms
[2021-11-11T23:55:10.466+0800][gc,heap      ] GC(0) Eden regions: 25->0(21)
[2021-11-11T23:55:10.467+0800][gc,heap      ] GC(0) Survivor regions: 0->4(4)
[2021-11-11T23:55:10.467+0800][gc,heap      ] GC(0) Old regions: 2->5
[2021-11-11T23:55:10.467+0800][gc,heap      ] GC(0) Humongous regions: 0->0
[2021-11-11T23:55:10.467+0800][gc,metaspace ] GC(0) Metaspace: 7683K->7683K(1056768K)
[2021-11-11T23:55:10.467+0800][gc           ] GC(0) Pause Young (Normal) (G1 Evacuation Pause) 25M->7M(512M) 121.911ms
[2021-11-11T23:55:10.467+0800][gc,cpu       ] GC(0) User=0.14s Sys=0.07s Real=0.12s
[2021-11-12T00:08:41.949+0800][gc,heap,exit ] Heap
[2021-11-12T00:08:41.949+0800][gc,heap,exit ]  garbage-first heap   total 524288K, used 14858K [0x00000000e0000000, 0x0000000100000000)
[2021-11-12T00:08:41.949+0800][gc,heap,exit ]   region size 1024K, 12 young (12288K), 4 survivors (4096K)
[2021-11-12T00:08:41.949+0800][gc,heap,exit ]  Metaspace       used 8649K, capacity 9023K, committed 9088K, reserved 1056768K
[2021-11-12T00:08:41.949+0800][gc,heap,exit ]   class space    used 978K, capacity 1122K, committed 1152K, reserved 1048576K
